<?xml version="1.0" encoding="UTF-8" ?>
<testsuites name="vitest tests" tests="7" failures="0" errors="0" time="0.8962059">
    <testsuite name="apps/salamcore/src/main.spec.ts" timestamp="2025-06-10T12:05:04.173Z" hostname="DESKTOP-AQUF66L" tests="2" failures="0" errors="0" skipped="0" time="0.1541726">
        <testcase classname="apps/salamcore/src/main.spec.ts" name="SalamCore API &gt; should respond to health check" time="0.1219969">
        </testcase>
        <testcase classname="apps/salamcore/src/main.spec.ts" name="SalamCore API &gt; should respond to root endpoint" time="0.0277967">
        </testcase>
    </testsuite>
    <testsuite name="apps/salamextension/src/app/app.element.spec.ts" timestamp="2025-06-10T12:05:04.185Z" hostname="DESKTOP-AQUF66L" tests="2" failures="0" errors="0" skipped="0" time="0.0591841">
        <testcase classname="apps/salamextension/src/app/app.element.spec.ts" name="AppElement &gt; should create successfully" time="0.0063168">
        </testcase>
        <testcase classname="apps/salamextension/src/app/app.element.spec.ts" name="AppElement &gt; should have a greeting" time="0.0474731">
        </testcase>
    </testsuite>
    <testsuite name="apps/salamportal/src/app/app.spec.tsx" timestamp="2025-06-10T12:05:04.187Z" hostname="DESKTOP-AQUF66L" tests="2" failures="0" errors="0" skipped="0" time="0.569648">
        <testcase classname="apps/salamportal/src/app/app.spec.tsx" name="App &gt; should render successfully" time="0.386389">
        </testcase>
        <testcase classname="apps/salamportal/src/app/app.spec.tsx" name="App &gt; should have a greeting as the title" time="0.1773206">
            <system-err>
To match all elements we had to reset the lastIndex of the RegExp because the global flag is enabled. We encourage to remove the global flag from the RegExp.

            </system-err>
        </testcase>
    </testsuite>
    <testsuite name="apps/salamwidget/specs/index.spec.tsx" timestamp="2025-06-10T12:05:04.189Z" hostname="DESKTOP-AQUF66L" tests="1" failures="0" errors="0" skipped="0" time="0.1132012">
        <testcase classname="apps/salamwidget/specs/index.spec.tsx" name="Page &gt; should render successfully" time="0.1084672">
        </testcase>
    </testsuite>
</testsuites>
